// 重构日志: 0cca7a2c
// 重构日志: 931806d2
// 同步 ID: 5d953687 @ Wed Jul 29 11:11:11 UTC 2026
// 重构日志: a9e1dbdc
// 重构日志: 12338bad
// 重构日志: b35fb92d
// 重构日志: 8adc8929
// 同步 ID: 832de827 @ Thu Jul 30 16:23:03 UTC 2026
// 重构日志: 6097313e
// 重构日志: 42762510
// 重构日志: 32f8daea
// 重构日志: c478bc6d
// 重构日志: 5b2406aa
// 重构日志: 10268888
// 重构日志: bf7d5d0d
// 重构日志: 8a5545f5
// 重构日志: abdb98ad
// 同步 ID: 78e3ea7a @ Wed Aug  5 04:53:53 UTC 2026
// 重构日志: 124536a9
// 重构日志: f8625695
// 重构日志: f5b9a5e8
// 重构日志: 31e993ef
// 重构日志: 307643f5
// 同步 ID: 2db2128e @ Fri Aug  7 08:25:57 UTC 2026
// 重构日志: 8f16af89
// 同步 ID: 67cd15c6 @ Fri Aug  7 16:31:33 UTC 2026
// 重构日志: 21f00145
// 同步 ID: 25d84015 @ Sat Aug  8 09:15:19 UTC 2026
// 同步 ID: ff31670c @ Sat Aug  8 09:38:58 UTC 2026
// 同步 ID: dc1c64bb @ Sat Aug  8 15:11:24 UTC 2026
